AR ftce_mxilinx_system behavioral C:/Users/jeanw/ise-chess-timer-schematics/chess/System.vhf sub00/vhpl37 1569024332
EN decimal NULL C:/Users/jeanw/ise-chess-timer-schematics/chess/Decimal.vhf sub00/vhpl92 1569024405
EN timerblock_muser_players NULL C:/Users/jeanw/ise-chess-timer-schematics/chess/Players.vhf sub00/vhpl72 1569024381
EN down_counter_3bit_muser_decimal NULL C:/Users/jeanw/ise-chess-timer-schematics/chess/Decimal.vhf sub00/vhpl90 1569024403
EN demux NULL C:/Users/jeanw/ise-chess-timer-schematics/chess/Demux.vhf sub00/vhpl62 1569024353
EN decade_down_counter NULL C:/Users/jeanw/ise-chess-timer-schematics/chess/decade_down_counter.vhf sub00/vhpl16 1569024399
AR fjkc_mxilinx_timerblock behavioral C:/Users/jeanw/ise-chess-timer-schematics/chess/TimerBlock.vhf sub00/vhpl79 1569024390
EN decodificador_4bits_muser_system NULL C:/Users/jeanw/ise-chess-timer-schematics/chess/System.vhf sub00/vhpl30 1569024325
EN timerblock NULL C:/Users/jeanw/ise-chess-timer-schematics/chess/TimerBlock.vhf sub00/vhpl86 1569024395
EN decimal_muser_system NULL C:/Users/jeanw/ise-chess-timer-schematics/chess/System.vhf sub00/vhpl46 1569024341
EN cr16ce_mxilinx_divisorfreqdisplay NULL C:/Users/jeanw/ise-chess-timer-schematics/chess/DivisorFreqDisplay.vhf sub01/vhpl116 1569024359
AR timerblock_muser_players behavioral C:/Users/jeanw/ise-chess-timer-schematics/chess/Players.vhf sub00/vhpl73 1569024382
AR fjkc_mxilinx_players behavioral C:/Users/jeanw/ise-chess-timer-schematics/chess/Players.vhf sub00/vhpl65 1569024376
AR divisorfrequencia_muser_teste_statemachine behavioral C:/Users/jeanw/ise-chess-timer-schematics/chess/teste_statemachine.vhf sub01/vhpl107 1569013807
EN teste_statemachine NULL C:/Users/jeanw/ise-chess-timer-schematics/chess/teste_statemachine.vhf sub01/vhpl108 1569013808
AR teste_statemachine behavioral C:/Users/jeanw/ise-chess-timer-schematics/chess/teste_statemachine.vhf sub01/vhpl109 1569013809
EN cr16ce_mxilinx_teste_contador NULL C:/Users/jeanw/ise-chess-timer-schematics/chess/teste_contador.vhf sub00/vhpl02 1569005380
EN fjkce_mxilinx_decade_down_counter NULL C:/Users/jeanw/ise-chess-timer-schematics/chess/decade_down_counter.vhf sub01/vhpl148 1569024397
EN fjkc_mxilinx_decade_down_counter NULL C:/Users/jeanw/ise-chess-timer-schematics/chess/decade_down_counter.vhf sub00/vhpl14 1569023238
EN divisorfrequencia NULL C:/Users/jeanw/ise-chess-timer-schematics/chess/DivisorFrequencia.vhf sub00/vhpl26 1569024369
AR decimal_muser_system behavioral C:/Users/jeanw/ise-chess-timer-schematics/chess/System.vhf sub00/vhpl47 1569024342
EN cr16ce_mxilinx_system NULL C:/Users/jeanw/ise-chess-timer-schematics/chess/System.vhf sub00/vhpl52 1569024319
EN divisorfrequencia_muser_teste_contador NULL C:/Users/jeanw/ise-chess-timer-schematics/chess/teste_contador.vhf sub00/vhpl08 1569005384
AR comp16_mxilinx_test_timerblock behavioral C:/Users/jeanw/ise-chess-timer-schematics/chess/test_timerblock.vhf sub01/vhpl129 1569020658
AR decade_down_counter_muser_test_timerblock behavioral C:/Users/jeanw/ise-chess-timer-schematics/chess/test_timerblock.vhf sub01/vhpl133 1569020662
AR comp16_mxilinx_teste_contador behavioral C:/Users/jeanw/ise-chess-timer-schematics/chess/teste_contador.vhf sub00/vhpl07 1569005383
AR decade_down_counter_muser_teste_contador behavioral C:/Users/jeanw/ise-chess-timer-schematics/chess/teste_contador.vhf sub00/vhpl11 1569005377
EN comp16_mxilinx_divisorfrequencia NULL C:/Users/jeanw/ise-chess-timer-schematics/chess/DivisorFrequencia.vhf sub00/vhpl24 1569024367
AR m2_1e_mxilinx_system behavioral C:/Users/jeanw/ise-chess-timer-schematics/chess/System.vhf sub00/vhpl33 1569024328
EN ftce_mxilinx_system NULL C:/Users/jeanw/ise-chess-timer-schematics/chess/System.vhf sub00/vhpl36 1569024331
EN divisorfrequencia_muser_test_timerblock NULL C:/Users/jeanw/ise-chess-timer-schematics/chess/test_timerblock.vhf sub01/vhpl130 1569020659
EN players NULL C:/Users/jeanw/ise-chess-timer-schematics/chess/Players.vhf sub00/vhpl74 1569024383
EN down_counter_3bit_muser_players NULL C:/Users/jeanw/ise-chess-timer-schematics/chess/Players.vhf sub00/vhpl68 1569024377
AR cr16ce_mxilinx_divisorfreqdisplay behavioral C:/Users/jeanw/ise-chess-timer-schematics/chess/DivisorFreqDisplay.vhf sub01/vhpl117 1569024360
EN fjkce_mxilinx_system NULL C:/Users/jeanw/ise-chess-timer-schematics/chess/System.vhf sub01/vhpl142 1569024335
EN statemachine_muser_system NULL C:/Users/jeanw/ise-chess-timer-schematics/chess/System.vhf sub00/vhpl58 1569011157
EN fjkc_mxilinx_decimal NULL C:/Users/jeanw/ise-chess-timer-schematics/chess/Decimal.vhf sub00/vhpl88 1569024401
AR decade_down_counter_muser_timerblock behavioral C:/Users/jeanw/ise-chess-timer-schematics/chess/TimerBlock.vhf sub00/vhpl81 1569024388
EN fjkc_mxilinx_teste_statemachine NULL C:/Users/jeanw/ise-chess-timer-schematics/chess/teste_statemachine.vhf sub01/vhpl102 1569013802
EN test_timerblock NULL C:/Users/jeanw/ise-chess-timer-schematics/chess/test_timerblock.vhf sub01/vhpl140 1569020669
EN fjkce_mxilinx_players NULL C:/Users/jeanw/ise-chess-timer-schematics/chess/Players.vhf sub01/vhpl144 1569024371
EN divisorfreqdisplay_muser_system NULL C:/Users/jeanw/ise-chess-timer-schematics/chess/System.vhf sub01/vhpl110 1569024321
AR fjkce_mxilinx_decade_down_counter behavioral C:/Users/jeanw/ise-chess-timer-schematics/chess/decade_down_counter.vhf sub01/vhpl149 1569024398
EN decade_down_counter_muser_timerblock NULL C:/Users/jeanw/ise-chess-timer-schematics/chess/TimerBlock.vhf sub00/vhpl80 1569024387
EN comp16_mxilinx_teste_statemachine NULL C:/Users/jeanw/ise-chess-timer-schematics/chess/teste_statemachine.vhf sub01/vhpl104 1569013804
AR fjkce_mxilinx_players behavioral C:/Users/jeanw/ise-chess-timer-schematics/chess/Players.vhf sub01/vhpl145 1569024372
AR system behavioral C:/Users/jeanw/ise-chess-timer-schematics/chess/System.vhf sub00/vhpl61 1569024350
EN timerblock_muser_system NULL C:/Users/jeanw/ise-chess-timer-schematics/chess/System.vhf sub00/vhpl48 1569024343
EN decade_down_counter_muser_test_timerblock NULL C:/Users/jeanw/ise-chess-timer-schematics/chess/test_timerblock.vhf sub01/vhpl132 1569020661
AR fjkc_mxilinx_down_counter_3bit behavioral C:/Users/jeanw/ise-chess-timer-schematics/chess/down_counter_3bit.vhf sub00/vhpl95 1569024408
AR down_counter_3bit behavioral C:/Users/jeanw/ise-chess-timer-schematics/chess/down_counter_3bit.vhf sub00/vhpl97 1569024410
EN fjkc_mxilinx_divisorfrequencia NULL C:/Users/jeanw/ise-chess-timer-schematics/chess/DivisorFrequencia.vhf sub00/vhpl22 1569024365
EN teste_contador NULL C:/Users/jeanw/ise-chess-timer-schematics/chess/teste_contador.vhf sub00/vhpl12 1569005386
EN demux_muser_system NULL C:/Users/jeanw/ise-chess-timer-schematics/chess/System.vhf sub00/vhpl28 1569024323
AR comp16_mxilinx_system behavioral C:/Users/jeanw/ise-chess-timer-schematics/chess/System.vhf sub00/vhpl55 1569024318
EN timerblock_muser_test_timerblock NULL C:/Users/jeanw/ise-chess-timer-schematics/chess/test_timerblock.vhf sub01/vhpl138 1569020667
EN fjkc_mxilinx_players NULL C:/Users/jeanw/ise-chess-timer-schematics/chess/Players.vhf sub00/vhpl64 1569024375
AR divisorfrequencia_muser_test_timerblock behavioral C:/Users/jeanw/ise-chess-timer-schematics/chess/test_timerblock.vhf sub01/vhpl131 1569020660
AR statemachine behavioral C:/Users/jeanw/ise-chess-timer-schematics/chess/StateMachine.vhf sub00/vhpl77 1569013819
EN fjkce_mxilinx_timerblock NULL C:/Users/jeanw/ise-chess-timer-schematics/chess/TimerBlock.vhf sub01/vhpl146 1569024385
AR decade_down_counter_muser_players behavioral C:/Users/jeanw/ise-chess-timer-schematics/chess/Players.vhf sub00/vhpl67 1569024374
AR fjkc_mxilinx_divisorfreqdisplay behavioral C:/Users/jeanw/ise-chess-timer-schematics/chess/DivisorFreqDisplay.vhf sub01/vhpl113 1569024356
EN cr16ce_mxilinx_teste_statemachine NULL C:/Users/jeanw/ise-chess-timer-schematics/chess/teste_statemachine.vhf sub01/vhpl100 1569013800
AR decodificador_4bits_muser_test_timerblock behavioral C:/Users/jeanw/ise-chess-timer-schematics/chess/test_timerblock.vhf sub01/vhpl121 1569020650
EN divisorfrequencia_muser_system NULL C:/Users/jeanw/ise-chess-timer-schematics/chess/System.vhf sub00/vhpl56 1569024347
AR demux behavioral C:/Users/jeanw/ise-chess-timer-schematics/chess/Demux.vhf sub00/vhpl63 1569024354
EN comp16_mxilinx_test_timerblock NULL C:/Users/jeanw/ise-chess-timer-schematics/chess/test_timerblock.vhf sub01/vhpl128 1569020657
AR fjkc_mxilinx_teste_contador behavioral C:/Users/jeanw/ise-chess-timer-schematics/chess/teste_contador.vhf sub00/vhpl05 1569005375
AR cr16ce_mxilinx_teste_contador behavioral C:/Users/jeanw/ise-chess-timer-schematics/chess/teste_contador.vhf sub00/vhpl03 1569005381
EN cr16ce_mxilinx_test_timerblock NULL C:/Users/jeanw/ise-chess-timer-schematics/chess/test_timerblock.vhf sub01/vhpl124 1569020653
AR decodificador_4bits_muser_system behavioral C:/Users/jeanw/ise-chess-timer-schematics/chess/System.vhf sub00/vhpl31 1569024326
AR statemachine_muser_teste_statemachine behavioral C:/Users/jeanw/ise-chess-timer-schematics/chess/teste_statemachine.vhf sub00/vhpl99 1569013799
EN down_counter_3bit NULL C:/Users/jeanw/ise-chess-timer-schematics/chess/down_counter_3bit.vhf sub00/vhpl96 1569024409
AR timerblock_muser_test_timerblock behavioral C:/Users/jeanw/ise-chess-timer-schematics/chess/test_timerblock.vhf sub01/vhpl139 1569020668
AR statemachine_muser_system behavioral C:/Users/jeanw/ise-chess-timer-schematics/chess/System.vhf sub00/vhpl59 1569011158
AR down_counter_3bit_muser_test_timerblock behavioral C:/Users/jeanw/ise-chess-timer-schematics/chess/test_timerblock.vhf sub01/vhpl135 1569020664
AR decimal behavioral C:/Users/jeanw/ise-chess-timer-schematics/chess/Decimal.vhf sub00/vhpl93 1569024406
EN comp16_mxilinx_system NULL C:/Users/jeanw/ise-chess-timer-schematics/chess/System.vhf sub00/vhpl54 1569024317
AR fjkc_mxilinx_teste_statemachine behavioral C:/Users/jeanw/ise-chess-timer-schematics/chess/teste_statemachine.vhf sub01/vhpl103 1569013803
EN down_counter_3bit_muser_test_timerblock NULL C:/Users/jeanw/ise-chess-timer-schematics/chess/test_timerblock.vhf sub01/vhpl134 1569020663
EN decade_down_counter_muser_system NULL C:/Users/jeanw/ise-chess-timer-schematics/chess/System.vhf sub00/vhpl42 1569024337
AR comp16_mxilinx_teste_statemachine behavioral C:/Users/jeanw/ise-chess-timer-schematics/chess/teste_statemachine.vhf sub01/vhpl105 1569013805
AR decimal_muser_players behavioral C:/Users/jeanw/ise-chess-timer-schematics/chess/Players.vhf sub00/vhpl71 1569024380
EN decodificador_4bits NULL C:/Users/jeanw/ise-chess-timer-schematics/chess/Decodificador_4bits.vhf sub00/vhpl18 1569024351
EN cr16ce_mxilinx_divisorfrequencia NULL C:/Users/jeanw/ise-chess-timer-schematics/chess/DivisorFrequencia.vhf sub00/vhpl20 1569024363
EN decimal_muser_players NULL C:/Users/jeanw/ise-chess-timer-schematics/chess/Players.vhf sub00/vhpl70 1569024379
AR fjkc_mxilinx_divisorfrequencia behavioral C:/Users/jeanw/ise-chess-timer-schematics/chess/DivisorFrequencia.vhf sub00/vhpl23 1569024366
AR fjkc_mxilinx_system behavioral C:/Users/jeanw/ise-chess-timer-schematics/chess/System.vhf sub00/vhpl41 1569024316
AR demux_muser_system behavioral C:/Users/jeanw/ise-chess-timer-schematics/chess/System.vhf sub00/vhpl29 1569024324
AR divisorfrequencia behavioral C:/Users/jeanw/ise-chess-timer-schematics/chess/DivisorFrequencia.vhf sub00/vhpl27 1569024370
EN decodificador_4bits_muser_teste_contador NULL C:/Users/jeanw/ise-chess-timer-schematics/chess/teste_contador.vhf sub00/vhpl00 1569005378
EN system NULL C:/Users/jeanw/ise-chess-timer-schematics/chess/System.vhf sub00/vhpl60 1569024349
AR cb2ce_mxilinx_system behavioral C:/Users/jeanw/ise-chess-timer-schematics/chess/System.vhf sub00/vhpl39 1569024334
AR decimal_muser_timerblock behavioral C:/Users/jeanw/ise-chess-timer-schematics/chess/TimerBlock.vhf sub00/vhpl85 1569024394
EN fjkc_mxilinx_test_timerblock NULL C:/Users/jeanw/ise-chess-timer-schematics/chess/test_timerblock.vhf sub01/vhpl126 1569020655
AR down_counter_3bit_muser_decimal behavioral C:/Users/jeanw/ise-chess-timer-schematics/chess/Decimal.vhf sub00/vhpl91 1569024404
AR divisorfrequencia_muser_teste_contador behavioral C:/Users/jeanw/ise-chess-timer-schematics/chess/teste_contador.vhf sub00/vhpl09 1569005385
AR fjkc_mxilinx_test_timerblock behavioral C:/Users/jeanw/ise-chess-timer-schematics/chess/test_timerblock.vhf sub01/vhpl127 1569020656
EN fjkc_mxilinx_system NULL C:/Users/jeanw/ise-chess-timer-schematics/chess/System.vhf sub00/vhpl40 1569024315
AR down_counter_3bit_muser_timerblock behavioral C:/Users/jeanw/ise-chess-timer-schematics/chess/TimerBlock.vhf sub00/vhpl83 1569024392
AR test_timerblock behavioral C:/Users/jeanw/ise-chess-timer-schematics/chess/test_timerblock.vhf sub01/vhpl141 1569020670
EN down_counter_3bit_muser_system NULL C:/Users/jeanw/ise-chess-timer-schematics/chess/System.vhf sub00/vhpl44 1569024339
EN m4_1e_mxilinx_system NULL C:/Users/jeanw/ise-chess-timer-schematics/chess/System.vhf sub00/vhpl34 1569024329
AR decade_down_counter behavioral C:/Users/jeanw/ise-chess-timer-schematics/chess/decade_down_counter.vhf sub00/vhpl17 1569024400
AR fjkc_mxilinx_decimal behavioral C:/Users/jeanw/ise-chess-timer-schematics/chess/Decimal.vhf sub00/vhpl89 1569024402
AR teste_contador behavioral C:/Users/jeanw/ise-chess-timer-schematics/chess/teste_contador.vhf sub00/vhpl13 1569005387
AR divisorfrequencia_muser_system behavioral C:/Users/jeanw/ise-chess-timer-schematics/chess/System.vhf sub00/vhpl57 1569024348
EN decade_down_counter_muser_players NULL C:/Users/jeanw/ise-chess-timer-schematics/chess/Players.vhf sub00/vhpl66 1569024373
AR divisorfreqdisplay_muser_system behavioral C:/Users/jeanw/ise-chess-timer-schematics/chess/System.vhf sub01/vhpl111 1569024322
EN fjkc_mxilinx_down_counter_3bit NULL C:/Users/jeanw/ise-chess-timer-schematics/chess/down_counter_3bit.vhf sub00/vhpl94 1569024407
AR decimal_muser_test_timerblock behavioral C:/Users/jeanw/ise-chess-timer-schematics/chess/test_timerblock.vhf sub01/vhpl137 1569020666
AR m2_1_mxilinx_test_timerblock behavioral C:/Users/jeanw/ise-chess-timer-schematics/chess/test_timerblock.vhf sub01/vhpl123 1569020652
EN down_counter_3bit_muser_timerblock NULL C:/Users/jeanw/ise-chess-timer-schematics/chess/TimerBlock.vhf sub00/vhpl82 1569024391
EN statemachine NULL C:/Users/jeanw/ise-chess-timer-schematics/chess/StateMachine.vhf sub00/vhpl76 1569013818
EN divisorfreqdisplay NULL C:/Users/jeanw/ise-chess-timer-schematics/chess/DivisorFreqDisplay.vhf sub01/vhpl118 1569024361
EN fjkc_mxilinx_teste_contador NULL C:/Users/jeanw/ise-chess-timer-schematics/chess/teste_contador.vhf sub00/vhpl04 1569005374
AR decodificador_4bits_muser_teste_contador behavioral C:/Users/jeanw/ise-chess-timer-schematics/chess/teste_contador.vhf sub00/vhpl01 1569005379
AR down_counter_3bit_muser_system behavioral C:/Users/jeanw/ise-chess-timer-schematics/chess/System.vhf sub00/vhpl45 1569024340
EN players_muser_system NULL C:/Users/jeanw/ise-chess-timer-schematics/chess/System.vhf sub00/vhpl50 1569024345
AR cr16ce_mxilinx_system behavioral C:/Users/jeanw/ise-chess-timer-schematics/chess/System.vhf sub00/vhpl53 1569024320
EN comp16_mxilinx_teste_contador NULL C:/Users/jeanw/ise-chess-timer-schematics/chess/teste_contador.vhf sub00/vhpl06 1569005382
EN decade_down_counter_muser_teste_contador NULL C:/Users/jeanw/ise-chess-timer-schematics/chess/teste_contador.vhf sub00/vhpl10 1569005376
AR decade_down_counter_muser_system behavioral C:/Users/jeanw/ise-chess-timer-schematics/chess/System.vhf sub00/vhpl43 1569024338
AR decodificador_4bits behavioral C:/Users/jeanw/ise-chess-timer-schematics/chess/Decodificador_4bits.vhf sub00/vhpl19 1569024352
AR cr16ce_mxilinx_divisorfrequencia behavioral C:/Users/jeanw/ise-chess-timer-schematics/chess/DivisorFrequencia.vhf sub00/vhpl21 1569024364
AR timerblock behavioral C:/Users/jeanw/ise-chess-timer-schematics/chess/TimerBlock.vhf sub00/vhpl87 1569024396
AR fjkc_mxilinx_decade_down_counter behavioral C:/Users/jeanw/ise-chess-timer-schematics/chess/decade_down_counter.vhf sub00/vhpl15 1569023239
EN cb2ce_mxilinx_system NULL C:/Users/jeanw/ise-chess-timer-schematics/chess/System.vhf sub00/vhpl38 1569024333
EN statemachine_muser_teste_statemachine NULL C:/Users/jeanw/ise-chess-timer-schematics/chess/teste_statemachine.vhf sub00/vhpl98 1569013798
AR comp16_mxilinx_divisorfreqdisplay behavioral C:/Users/jeanw/ise-chess-timer-schematics/chess/DivisorFreqDisplay.vhf sub01/vhpl115 1569024358
AR cr16ce_mxilinx_teste_statemachine behavioral C:/Users/jeanw/ise-chess-timer-schematics/chess/teste_statemachine.vhf sub01/vhpl101 1569013801
EN decimal_muser_test_timerblock NULL C:/Users/jeanw/ise-chess-timer-schematics/chess/test_timerblock.vhf sub01/vhpl136 1569020665
EN fjkc_mxilinx_divisorfreqdisplay NULL C:/Users/jeanw/ise-chess-timer-schematics/chess/DivisorFreqDisplay.vhf sub01/vhpl112 1569024355
AR players behavioral C:/Users/jeanw/ise-chess-timer-schematics/chess/Players.vhf sub00/vhpl75 1569024384
AR fjkce_mxilinx_system behavioral C:/Users/jeanw/ise-chess-timer-schematics/chess/System.vhf sub01/vhpl143 1569024336
AR timerblock_muser_system behavioral C:/Users/jeanw/ise-chess-timer-schematics/chess/System.vhf sub00/vhpl49 1569024344
EN comp16_mxilinx_divisorfreqdisplay NULL C:/Users/jeanw/ise-chess-timer-schematics/chess/DivisorFreqDisplay.vhf sub01/vhpl114 1569024357
EN fjkc_mxilinx_timerblock NULL C:/Users/jeanw/ise-chess-timer-schematics/chess/TimerBlock.vhf sub00/vhpl78 1569024389
AR cr16ce_mxilinx_test_timerblock behavioral C:/Users/jeanw/ise-chess-timer-schematics/chess/test_timerblock.vhf sub01/vhpl125 1569020654
AR comp16_mxilinx_divisorfrequencia behavioral C:/Users/jeanw/ise-chess-timer-schematics/chess/DivisorFrequencia.vhf sub00/vhpl25 1569024368
AR m4_1e_mxilinx_system behavioral C:/Users/jeanw/ise-chess-timer-schematics/chess/System.vhf sub00/vhpl35 1569024330
AR players_muser_system behavioral C:/Users/jeanw/ise-chess-timer-schematics/chess/System.vhf sub00/vhpl51 1569024346
EN decimal_muser_timerblock NULL C:/Users/jeanw/ise-chess-timer-schematics/chess/TimerBlock.vhf sub00/vhpl84 1569024393
EN divisorfrequencia_muser_teste_statemachine NULL C:/Users/jeanw/ise-chess-timer-schematics/chess/teste_statemachine.vhf sub01/vhpl106 1569013806
EN m2_1e_mxilinx_system NULL C:/Users/jeanw/ise-chess-timer-schematics/chess/System.vhf sub00/vhpl32 1569024327
EN decodificador_4bits_muser_test_timerblock NULL C:/Users/jeanw/ise-chess-timer-schematics/chess/test_timerblock.vhf sub01/vhpl120 1569020649
AR divisorfreqdisplay behavioral C:/Users/jeanw/ise-chess-timer-schematics/chess/DivisorFreqDisplay.vhf sub01/vhpl119 1569024362
EN m2_1_mxilinx_test_timerblock NULL C:/Users/jeanw/ise-chess-timer-schematics/chess/test_timerblock.vhf sub01/vhpl122 1569020651
AR down_counter_3bit_muser_players behavioral C:/Users/jeanw/ise-chess-timer-schematics/chess/Players.vhf sub00/vhpl69 1569024378
AR fjkce_mxilinx_timerblock behavioral C:/Users/jeanw/ise-chess-timer-schematics/chess/TimerBlock.vhf sub01/vhpl147 1569024386
