EN decade_down_counter NULL C:/Users/jeanw/ise-chess-timer-schematics/chess/decade_down_counter.vhf sub00/vhpl16 1568939556
EN cr16ce_mxilinx_teste_contador NULL C:/Users/jeanw/ise-chess-timer-schematics/chess/teste_contador.vhf sub00/vhpl02 1568939542
EN fjkc_mxilinx_decade_down_counter NULL C:/Users/jeanw/ise-chess-timer-schematics/chess/decade_down_counter.vhf sub00/vhpl14 1568939554
EN divisorfrequencia NULL C:/Users/jeanw/ise-chess-timer-schematics/chess/DivisorFrequencia.vhf sub00/vhpl26 1568939566
EN divisorfrequencia_muser_teste_contador NULL C:/Users/jeanw/ise-chess-timer-schematics/chess/teste_contador.vhf sub00/vhpl08 1568939548
AR comp16_mxilinx_teste_contador behavioral C:/Users/jeanw/ise-chess-timer-schematics/chess/teste_contador.vhf sub00/vhpl07 1568939547
EN comp16_mxilinx_divisorfrequencia NULL C:/Users/jeanw/ise-chess-timer-schematics/chess/DivisorFrequencia.vhf sub00/vhpl24 1568939564
AR decade_down_counter_muser_teste_contador behavioral C:/Users/jeanw/ise-chess-timer-schematics/chess/teste_contador.vhf sub00/vhpl11 1568939551
EN fjkc_mxilinx_divisorfrequencia NULL C:/Users/jeanw/ise-chess-timer-schematics/chess/DivisorFrequencia.vhf sub00/vhpl22 1568939562
EN teste_contador NULL C:/Users/jeanw/ise-chess-timer-schematics/chess/teste_contador.vhf sub00/vhpl12 1568939552
AR fjkc_mxilinx_teste_contador behavioral C:/Users/jeanw/ise-chess-timer-schematics/chess/teste_contador.vhf sub00/vhpl05 1568939545
AR cr16ce_mxilinx_teste_contador behavioral C:/Users/jeanw/ise-chess-timer-schematics/chess/teste_contador.vhf sub00/vhpl03 1568939543
EN decodificador_4bits NULL C:/Users/jeanw/ise-chess-timer-schematics/chess/Decodificador_4bits.vhf sub00/vhpl18 1568939558
EN cr16ce_mxilinx_divisorfrequencia NULL C:/Users/jeanw/ise-chess-timer-schematics/chess/DivisorFrequencia.vhf sub00/vhpl20 1568939560
AR fjkc_mxilinx_divisorfrequencia behavioral C:/Users/jeanw/ise-chess-timer-schematics/chess/DivisorFrequencia.vhf sub00/vhpl23 1568939563
AR divisorfrequencia behavioral C:/Users/jeanw/ise-chess-timer-schematics/chess/DivisorFrequencia.vhf sub00/vhpl27 1568939567
EN decodificador_4bits_muser_teste_contador NULL C:/Users/jeanw/ise-chess-timer-schematics/chess/teste_contador.vhf sub00/vhpl00 1568939540
AR divisorfrequencia_muser_teste_contador behavioral C:/Users/jeanw/ise-chess-timer-schematics/chess/teste_contador.vhf sub00/vhpl09 1568939549
AR decade_down_counter behavioral C:/Users/jeanw/ise-chess-timer-schematics/chess/decade_down_counter.vhf sub00/vhpl17 1568939557
AR teste_contador behavioral C:/Users/jeanw/ise-chess-timer-schematics/chess/teste_contador.vhf sub00/vhpl13 1568939553
EN fjkc_mxilinx_teste_contador NULL C:/Users/jeanw/ise-chess-timer-schematics/chess/teste_contador.vhf sub00/vhpl04 1568939544
AR decodificador_4bits_muser_teste_contador behavioral C:/Users/jeanw/ise-chess-timer-schematics/chess/teste_contador.vhf sub00/vhpl01 1568939541
EN comp16_mxilinx_teste_contador NULL C:/Users/jeanw/ise-chess-timer-schematics/chess/teste_contador.vhf sub00/vhpl06 1568939546
EN decade_down_counter_muser_teste_contador NULL C:/Users/jeanw/ise-chess-timer-schematics/chess/teste_contador.vhf sub00/vhpl10 1568939550
AR decodificador_4bits behavioral C:/Users/jeanw/ise-chess-timer-schematics/chess/Decodificador_4bits.vhf sub00/vhpl19 1568939559
AR cr16ce_mxilinx_divisorfrequencia behavioral C:/Users/jeanw/ise-chess-timer-schematics/chess/DivisorFrequencia.vhf sub00/vhpl21 1568939561
AR fjkc_mxilinx_decade_down_counter behavioral C:/Users/jeanw/ise-chess-timer-schematics/chess/decade_down_counter.vhf sub00/vhpl15 1568939555
AR comp16_mxilinx_divisorfrequencia behavioral C:/Users/jeanw/ise-chess-timer-schematics/chess/DivisorFrequencia.vhf sub00/vhpl25 1568939565
